// Jest Snapshot v1, https://goo.gl/fbAQLP

exports[`Should render ExpenseListItem with fixture data 1`] = `
<div>
  <Link
    to="/edit/2"
  >
    <h3>
      Description: 
      Rent
    </h3>
  </Link>
  <p>
    Amount: 
    $1,095.00
     
  </p>
  <p>
    Created at: 
    December 28th, 1969
     
  </p>
  <p>
    Note: 
  </p>
</div>
`;
